clock.c:114:12:exynos_get_pll_clk	16	static
clock.c:344:29:get_clk_bit_info	0	static
clock.c:305:22:exynos542x_get_pll_clk	8	static
clock.c:246:22:exynos5_get_pll_clk	16	static
clock.c:1414:12:1	32	static
clock.c:558:15:clock_get_periph_rate	16	static
clock.c:1077:6:exynos4_set_lcd_clk	16	static
clock.c:1135:6:exynos5_set_lcd_clk	0	static
clock.c:1187:6:exynos5420_set_lcd_clk	0	static
clock.c:1214:6:exynos5800_set_lcd_clk	0	static
clock.c:1236:6:exynos4_set_mipi_clk	0	static
clock.c:1286:5:exynos5_set_epll_clk	16	static
clock.c:1340:5:exynos5_set_i2s_clk_source	0	static
clock.c:1360:5:exynos5_set_i2s_clk_prescaler	16	static
clock.c:1595:15:get_pll_clk	8	static
clock.c:1608:15:get_arm_clk	8	static
clock.c:1619:15:get_i2c_clk	8	static
clock.c:1631:15:get_pwm_clk	8	static
clock.c:1642:15:get_uart_clk	16	static
clock.c:1673:15:get_mmc_clk	16	static
clock.c:1702:6:set_mmc_clk	8	static
clock.c:1718:15:get_lcd_clk	56	static
clock.c:1732:6:set_lcd_clk	8	static
clock.c:1746:6:set_mipi_clk	8	static
clock.c:1752:5:set_spi_clk	32	static
clock.c:1763:5:set_i2s_clk_prescaler	8	static
clock.c:1772:5:set_i2s_clk_source	8	static
clock.c:1780:5:set_epll_clk	8	static
